== BNCI2014_001 n= 9
  fpgem|adapt+eval              72.299 (10.673)
  fpgem|adapt_seedmean          73.354 (11.002)
  fpgem|eval_acc                71.245 (11.480)
  fpgem|eval_enslogit           73.148 (12.187) MEAN~fpgem
  fpgem|eval_ensprob            72.994 (11.664)
  fpgem|eval_seed0              71.296 (10.015)
  fpgem|eval_seed1              72.994 (12.845)
  fpgem|eval_seed2              69.444 (13.231)
  fpgem|eval_seedmax            75.309 (11.019)
  fpgem|eval_seedmean           71.245 (11.480)
  fp|resp_adapt                 56.584 ( 8.573)
  identity|adapt+eval           75.437 (10.597)
  identity|adapt_seedmean       78.138 ( 9.967)
  identity|eval_acc             72.737 (12.820)
  identity|eval_enslogit        74.074 (13.286)
  identity|eval_ensprob         74.074 (13.286)
  identity|eval_seed0           72.994 (11.307)
  identity|eval_seed1           72.685 (13.608)
  identity|eval_seed2           72.531 (14.211)
  identity|eval_seedmax         75.617 (12.190)
  identity|eval_seedmean        72.737 (12.820)
  jointgem|adapt+eval           72.377 (10.638)
  jointgem|adapt_seedmean       73.817 (10.941)
  jointgem|eval_acc             70.936 (11.337)
  jointgem|eval_enslogit        73.302 (12.321)
  jointgem|eval_ensprob         72.994 (11.350)
  jointgem|eval_seed0           71.296 (10.015)
  jointgem|eval_seed1           72.068 (13.563)
  jointgem|eval_seed2           69.444 (12.088)
  jointgem|eval_seedmax         74.846 (11.077)
  jointgem|eval_seedmean        70.936 (11.337)
  joint|resp_adapt              53.704 ( 6.784)
== Lee2019_MI n= 54
  fpgem|adapt+eval              67.395 ( 8.100)
  fpgem|adapt_seedmean          68.235 ( 8.990)
  fpgem|eval_acc                66.556 ( 9.348)
  fpgem|eval_enslogit           68.889 (11.418)
  fpgem|eval_ensprob            68.815 (11.277)
  fpgem|eval_seed0              66.889 (10.552)
  fpgem|eval_seed1              66.370 ( 9.936)
  fpgem|eval_seed2              66.407 (10.529)
  fpgem|eval_seedmax            71.111 ( 9.402)
  fpgem|eval_seedmean           66.556 ( 9.348)
  fp|resp_adapt                 61.938 ( 7.738)
  identity|adapt+eval           68.790 ( 8.426)
  identity|adapt_seedmean       69.420 ( 9.140)
  identity|eval_acc             68.160 ( 9.995)
  identity|eval_enslogit        69.556 (11.311)
  identity|eval_ensprob         69.259 (11.547)
  identity|eval_seed0           68.222 (11.062)
  identity|eval_seed1           68.148 (10.496)
  identity|eval_seed2           68.111 (10.706)
  identity|eval_seedmax         72.074 ( 9.556)
  identity|eval_seedmean        68.160 ( 9.995)
  jointgem|adapt+eval           67.315 ( 8.045)
  jointgem|adapt_seedmean       68.358 ( 9.039)
  jointgem|eval_acc             66.272 ( 9.244) MEAN~jointgem
  jointgem|eval_enslogit        68.444 (11.351)
  jointgem|eval_ensprob         68.704 (11.275)
  jointgem|eval_seed0           66.259 (10.176) MEAN~jointgem
  jointgem|eval_seed1           66.630 ( 9.980)
  jointgem|eval_seed2           65.926 (10.432)
  jointgem|eval_seedmax         70.815 ( 9.337)
  jointgem|eval_seedmean        66.272 ( 9.244) MEAN~jointgem
  joint|resp_adapt              60.333 ( 7.362)
